<!--
 TestHeader-xml_Unicode-DFS-2016.expected

 Copyright (c) 2013 - 2020 Max Muster
 Copyright (c) 2021 Umbrella Inc
 All rights reserved.

 SPDX-License-Identifier: Unicode-DFS-2016

 Licensed under the Unicode License Agreement - Data Files and Software (2016)
-->
