<!--
 TestHeader-xml_OFL-1.1-RFN.expected

 Copyright (c) 2013 - 2020 Max Muster
 Copyright (c) 2021 Umbrella Inc
 All rights reserved.

 SPDX-License-Identifier: OFL-1.1-RFN

 Licensed under the SIL Open Font License 1.1 with Reserved Font Name
-->
