/*
 * TestHeader-c_PHP-3.0.expected
 *
 * Copyright (c) 2013 - 2020 Max Muster
 * Copyright (c) 2021 Umbrella Inc
 * All rights reserved.
 *
 * SPDX-License-Identifier: PHP-3.0
 *
 * Licensed under the PHP License v3.0
 */
