REM TestHeader-batch_CECILL-2.1.expected
REM
REM Copyright (c) 2013 - 2020 Max Muster
REM Copyright (c) 2021 Umbrella Inc
REM All rights reserved.
REM
REM SPDX-License-Identifier: CECILL-2.1
REM
REM Licensed under the CeCILL Free Software License Agreement v2.1
