REM TestHeader-batch_NCSA.expected
REM
REM Copyright (c) 2013 - 2020 Max Muster
REM Copyright (c) 2021 Umbrella Inc
REM All rights reserved.
REM
REM SPDX-License-Identifier: NCSA
REM
REM Licensed under the University of Illinois/NCSA Open Source License
