REM TestHeader-batch_Entessa.expected
REM
REM Copyright (c) 2013 - 2020 Max Muster
REM Copyright (c) 2021 Umbrella Inc
REM All rights reserved.
REM
REM SPDX-License-Identifier: Entessa
REM
REM Licensed under the Entessa Public License v1.0
