# TestHeader-docstring_NTP.expected
#
# Copyright (c) 2013 - 2020 Max Muster
# Copyright (c) 2021 Umbrella Inc
# All rights reserved.
#
# SPDX-License-Identifier: NTP
#
# Licensed under the NTP License
