-- TestHeader-dash_Zlib.expected
--
-- Copyright (c) 2013 - 2020 Max Muster
-- Copyright (c) 2021 Umbrella Inc
-- All rights reserved.
--
-- SPDX-License-Identifier: Zlib
--
-- Licensed under the zlib License
