<!--
 TestHeader-xml_SimPL-2.0.expected

 Copyright (c) 2013 - 2020 Max Muster
 Copyright (c) 2021 Umbrella Inc
 All rights reserved.

 SPDX-License-Identifier: SimPL-2.0

 Licensed under the Simple Public License 2.0
-->
