REM TestHeader-batch_BSD-2-Clause.expected
REM
REM Copyright (c) 2013 - 2020 Max Muster
REM Copyright (c) 2021 Umbrella Inc
REM All rights reserved.
REM
REM SPDX-License-Identifier: BSD-2-Clause
REM
REM Licensed under the BSD 2-Clause "Simplified" License
