REM TestHeader-batch_Frameworx-1.0.expected
REM
REM Copyright (c) 2013 - 2020 Max Muster
REM Copyright (c) 2021 Umbrella Inc
REM All rights reserved.
REM
REM SPDX-License-Identifier: Frameworx-1.0
REM
REM Licensed under the Frameworx Open License 1.0
