REM TestHeader-batch_OGTSL.expected
REM
REM Copyright (c) 2013 - 2020 Max Muster
REM Copyright (c) 2021 Umbrella Inc
REM All rights reserved.
REM
REM SPDX-License-Identifier: OGTSL
REM
REM Licensed under the Open Group Test Suite License
