# TestHeader-pound_ECL-1.0.expected
#
# Copyright (c) 2013 - 2020 Max Muster
# Copyright (c) 2021 Umbrella Inc
# All rights reserved.
#
# SPDX-License-Identifier: ECL-1.0
#
# Licensed under the Educational Community License version 1.0
