/*
 * TestHeader-no_license_OFL-1.1.expected
 *
 * Copyright (c) 2013 - 2020 Max Muster
 * Copyright (c) 2021 Umbrella Inc
 * All rights reserved.
 *
 * SPDX-License-Identifier: OFL-1.1
 *
 * Licensed under the SIL Open Font License 1.1
 */
