// TestHeader-slash_RPL-1.1.expected
//
// Copyright (c) 2013 - 2020 Max Muster
// Copyright (c) 2021 Umbrella Inc
// All rights reserved.
//
// SPDX-License-Identifier: RPL-1.1
//
// Licensed under the Reciprocal Public License 1.1
