-- TestHeader-dash_APSL-1.0.expected
--
-- Copyright (c) 2013 - 2020 Max Muster
-- Copyright (c) 2021 Umbrella Inc
-- All rights reserved.
--
-- SPDX-License-Identifier: APSL-1.0
--
-- Licensed under the Apple Public Source License 1.0
