# TestHeader-docstring_IPA.expected
#
# Copyright (c) 2013 - 2020 Max Muster
# Copyright (c) 2021 Umbrella Inc
# All rights reserved.
#
# SPDX-License-Identifier: IPA
#
# Licensed under the IPA Font License
