# TestHeader-pound_Multics.expected
#
# Copyright (c) 2013 - 2020 Max Muster
# Copyright (c) 2021 Umbrella Inc
# All rights reserved.
#
# SPDX-License-Identifier: Multics
#
# Licensed under the Multics License
