/*
 * TestHeader-c_LPL-1.02.expected
 *
 * Copyright (c) 2013 - 2020 Max Muster
 * Copyright (c) 2021 Umbrella Inc
 * All rights reserved.
 *
 * SPDX-License-Identifier: LPL-1.02
 *
 * Licensed under the Lucent Public License v1.02
 */
