# TestHeader-pound_NASA-1.3.expected
#
# Copyright (c) 2013 - 2020 Max Muster
# Copyright (c) 2021 Umbrella Inc
# All rights reserved.
#
# SPDX-License-Identifier: NASA-1.3
#
# Licensed under the NASA Open Source Agreement 1.3
