REM TestHeader-batch_CDDL-1.0.expected
REM
REM Copyright (c) 2013 - 2020 Max Muster
REM Copyright (c) 2021 Umbrella Inc
REM All rights reserved.
REM
REM SPDX-License-Identifier: CDDL-1.0
REM
REM Licensed under the Common Development and Distribution License 1.0
