/*
 * TestHeader-c_Entessa.expected
 *
 * Copyright (c) 2013 - 2020 Max Muster
 * Copyright (c) 2021 Umbrella Inc
 * All rights reserved.
 *
 * SPDX-License-Identifier: Entessa
 *
 * Licensed under the Entessa Public License v1.0
 */
