REM TestHeader-batch_LPL-1.02.expected
REM
REM Copyright (c) 2013 - 2020 Max Muster
REM Copyright (c) 2021 Umbrella Inc
REM All rights reserved.
REM
REM SPDX-License-Identifier: LPL-1.02
REM
REM Licensed under the Lucent Public License v1.02
