REM TestHeader-batch_Intel.expected
REM
REM Copyright (c) 2013 - 2020 Max Muster
REM Copyright (c) 2021 Umbrella Inc
REM All rights reserved.
REM
REM SPDX-License-Identifier: Intel
REM
REM Licensed under the Intel Open Source License
