REM TestHeader-batch_OFL-1.1-RFN.expected
REM
REM Copyright (c) 2013 - 2020 Max Muster
REM Copyright (c) 2021 Umbrella Inc
REM All rights reserved.
REM
REM SPDX-License-Identifier: OFL-1.1-RFN
REM
REM Licensed under the SIL Open Font License 1.1 with Reserved Font Name
