-- TestHeader-dash_OSET-PL-2.1.expected
--
-- Copyright (c) 2013 - 2020 Max Muster
-- Copyright (c) 2021 Umbrella Inc
-- All rights reserved.
--
-- SPDX-License-Identifier: OSET-PL-2.1
--
-- Licensed under the OSET Public License version 2.1
