# TestHeader-docstring_CDDL-1.0.expected
#
# Copyright (c) 2013 - 2020 Max Muster
# Copyright (c) 2021 Umbrella Inc
# All rights reserved.
#
# SPDX-License-Identifier: CDDL-1.0
#
# Licensed under the Common Development and Distribution License 1.0
