# TestHeader-docstring_VSL-1.0.expected
#
# Copyright (c) 2013 - 2020 Max Muster
# Copyright (c) 2021 Umbrella Inc
# All rights reserved.
#
# SPDX-License-Identifier: VSL-1.0
#
# Licensed under the Vovida Software License v1.0
