REM TestHeader-batch_RPL-1.1.expected
REM
REM Copyright (c) 2013 - 2020 Max Muster
REM Copyright (c) 2021 Umbrella Inc
REM All rights reserved.
REM
REM SPDX-License-Identifier: RPL-1.1
REM
REM Licensed under the Reciprocal Public License 1.1
