// TestHeader-slash_MS-PL.expected
//
// Copyright (c) 2013 - 2020 Max Muster
// Copyright (c) 2021 Umbrella Inc
// All rights reserved.
//
// SPDX-License-Identifier: MS-PL
//
// Licensed under the Microsoft Public License
