/*
 * TestHeader-no_license_Python-2.0.expected
 *
 * Copyright (c) 2013 - 2020 Max Muster
 * Copyright (c) 2021 Umbrella Inc
 * All rights reserved.
 *
 * SPDX-License-Identifier: Python-2.0
 *
 * Licensed under the Python License 2.0
 */
