REM TestHeader-batch_ICU.expected
REM
REM Copyright (c) 2013 - 2020 Max Muster
REM Copyright (c) 2021 Umbrella Inc
REM All rights reserved.
REM
REM SPDX-License-Identifier: ICU
REM
REM Licensed under the ICU License
