// TestHeader-slash_OSL-2.0.expected
//
// Copyright (c) 2013 - 2020 Max Muster
// Copyright (c) 2021 Umbrella Inc
// All rights reserved.
//
// SPDX-License-Identifier: OSL-2.0
//
// Licensed under the Open Software License version 2.0
