REM TestHeader-batch_CATOSL-1.1.expected
REM
REM Copyright (c) 2013 - 2020 Max Muster
REM Copyright (c) 2021 Umbrella Inc
REM All rights reserved.
REM
REM SPDX-License-Identifier: CATOSL-1.1
REM
REM Licensed under the Computer Associates Trusted Open Source License 1.1
