/*
 * TestHeader-c_BSD-2-Clause-Patent.expected
 *
 * Copyright (c) 2013 - 2020 Max Muster
 * Copyright (c) 2021 Umbrella Inc
 * All rights reserved.
 *
 * SPDX-License-Identifier: BSD-2-Clause-Patent
 *
 * Licensed under the BSD-2-Clause Plus Patent License
 */
