REM TestHeader-batch_QPL-1.0.expected
REM
REM Copyright (c) 2013 - 2020 Max Muster
REM Copyright (c) 2021 Umbrella Inc
REM All rights reserved.
REM
REM SPDX-License-Identifier: QPL-1.0
REM
REM Licensed under the Q Public License 1.0
