REM TestHeader-batch_GPL-2.0-only.expected
REM
REM Copyright (c) 2013 - 2020 Max Muster
REM Copyright (c) 2021 Umbrella Inc
REM All rights reserved.
REM
REM SPDX-License-Identifier: GPL-2.0-only
REM
REM This program is free software; you can redistribute it and/or modify it
REM under the terms of the GNU General Public License as published by the
REM Free Software Foundation; version 2.
REM
REM This program is distributed in the hope that it will be useful, but
REM WITHOUT ANY WARRANTY; without even the implied warranty of
REM MERCHANTABILITY or FITNESS FOR A PARTICULAR PURPOSE. See the GNU General
REM Public License for more details.
REM
REM You should have received a copy of the GNU General Public License along
REM with this program; if not, write to the Free Software Foundation, Inc.,
REM 51 Franklin Street, Fifth Floor, Boston, MA 02110-1301 USA.
