REM TestHeader-batch_APSL-2.0.expected
REM
REM Copyright (c) 2013 - 2020 Max Muster
REM Copyright (c) 2021 Umbrella Inc
REM All rights reserved.
REM
REM SPDX-License-Identifier: APSL-2.0
REM
REM Portions Copyright (c) 1999-2007 Apple Inc. All Rights Reserved.
REM This file contains Original Code and/or Modifications of Original Code
REM as defined in and that are subject to the Apple Public Source License
REM Version 2.0 (the 'License'). You may not use this file except in
REM compliance with the License. Please obtain a copy of the License at
REM http://www.opensource.apple.com/apsl/ and read it before using this
REM file.
REM
REM The Original Code and all software distributed under the License are
REM distributed on an 'AS IS' basis, WITHOUT WARRANTY OF ANY KIND, EITHER
REM EXPRESS OR IMPLIED, AND APPLE HEREBY DISCLAIMS ALL SUCH WARRANTIES,
REM INCLUDING WITHOUT LIMITATION, ANY WARRANTIES OF MERCHANTABILITY, FITNESS
REM FOR A PARTICULAR PURPOSE, QUIET ENJOYMENT OR NON-INFRINGEMENT. Please
REM see the License for the specific language governing rights and
REM limitations under the License.
