REM TestHeader-batch_NPOSL-3.0.expected
REM
REM Copyright (c) 2013 - 2020 Max Muster
REM Copyright (c) 2021 Umbrella Inc
REM All rights reserved.
REM
REM SPDX-License-Identifier: NPOSL-3.0
REM
REM Licensed under the Non-Profit Open Software License 3.0
